######## H7 (RACE) vs the h1b2 base  2026-07-14T02:44:13+03:00 ########
## paired same-seat margin, candidate minus h1b2; parity 0.0; 20000 games x 2

#### the shipped H7 point
   h7 (threshold 2, hold_scale 0)                 -0.0348 +/- 0.0028  
Verdict: heuristic:h1b2 stronger (margin > 2 paired SE)

#### how urgent must the threat be? (race_hand_threshold)
   race_hand_threshold=1                          -0.0148 +/- 0.0019  
Verdict: heuristic:h1b2 stronger (margin > 2 paired SE)
   race_hand_threshold=2                          -0.0348 +/- 0.0028  
Verdict: heuristic:h1b2 stronger (margin > 2 paired SE)
   race_hand_threshold=3                          -0.0539 +/- 0.0033  
Verdict: heuristic:h1b2 stronger (margin > 2 paired SE)
   race_hand_threshold=4                          -0.0664 +/- 0.0037  
Verdict: heuristic:h1b2 stronger (margin > 2 paired SE)

#### how hard should it drop its holds? (race_hold_scale)
   race_hold_scale=0.0                            -0.0348 +/- 0.0028  
Verdict: heuristic:h1b2 stronger (margin > 2 paired SE)
   race_hold_scale=0.25                           -0.0234 +/- 0.0024  
Verdict: heuristic:h1b2 stronger (margin > 2 paired SE)
   race_hold_scale=0.5                            -0.0144 +/- 0.0021  
Verdict: heuristic:h1b2 stronger (margin > 2 paired SE)
   race_hold_scale=0.75                           -0.0029 +/- 0.0015  
Verdict: Tie (margin within 2 paired SE)

######## DONE 2026-07-14T02:48:56+03:00 ########
