######## Step 4 ablations, all vs the h1b2 base, ON H1's STRUCTURE  2026-07-14T02:24:04+03:00 ########
## paired same-seat margin, candidate minus base; parity 0.0; 20000 games x 2 runs

#### H2 — the blocker fires too late AND too widely (threshold 2 -> 1)

════════ H2: block only a 1-card next player            [h1b2,block_hand_threshold=1]
        -0.0112 +/- 0.0024  (paired SE over 20000 common decks)
    Verdict: heuristic:h1b2 stronger (margin > 2 paired SE)

════════ H2 control: block at <=3 (wider)               [h1b2,block_hand_threshold=3]
        +0.0010 +/- 0.0027  (paired SE over 20000 common decks)
    Verdict: Tie (margin within 2 paired SE)

#### H3 — ablate the SPEND side of blocking (never tested by B2)

════════ H3: w_block=0   (never spend a blocker)        [h1b2,w_block=0]
        -0.0223 +/- 0.0026  (paired SE over 20000 common decks)
    Verdict: heuristic:h1b2 stronger (margin > 2 paired SE)

════════ H3: w_chdir_block=0                            [h1b2,w_chdir_block=0]
        -0.0010 +/- 0.0015  (paired SE over 20000 common decks)
    Verdict: Tie (margin within 2 paired SE)

#### H4 — score_decline_king is dead code (census: 0 fires in 200 games)

════════ H4: score_decline_king=0                       [h1b2,score_decline_king=0]
        -0.0004 +/- 0.0002  (paired SE over 20000 common decks)
    Verdict: heuristic:h1b2 stronger (margin > 2 paired SE)

════════ H4: score_decline_king=-100                    [h1b2,score_decline_king=-100]
        +0.0001 +/- 0.0001  (paired SE over 20000 common decks)
    Verdict: Tie (margin within 2 paired SE)

#### H5 — w_nofin=8.0 guards a nearly-vacuous rule (every card but PLUS finishes)

════════ H5: w_nofin=0  (drop the rule)                 [h1b2,w_nofin=0]
        -0.0107 +/- 0.0008  (paired SE over 20000 common decks)
    Verdict: heuristic:h1b2 stronger (margin > 2 paired SE)

════════ H5: w_nofin=2                                  [h1b2,w_nofin=2]
        -0.0058 +/- 0.0006  (paired SE over 20000 common decks)
    Verdict: heuristic:h1b2 stronger (margin > 2 paired SE)

#### H6 — the hoard buys nothing; consider deleting B6 entirely

════════ H6: w_reserve=0 (no hoard)                     [h1b2,w_reserve=0]
        -0.0224 +/- 0.0029  (paired SE over 20000 common decks)
    Verdict: heuristic:h1b2 stronger (margin > 2 paired SE)

════════ H6: w_reserve=8                                [h1b2,w_reserve=8]
        -0.0022 +/- 0.0017  (paired SE over 20000 common decks)
    Verdict: Tie (margin within 2 paired SE)

════════ H6: -hoard (full ablation)                     [h1b2,-hoard]
        -0.0289 +/- 0.0030  (paired SE over 20000 common decks)
    Verdict: heuristic:h1b2 stronger (margin > 2 paired SE)

######## DONE 2026-07-14T02:29:39+03:00 ########
